python : INFO:app.core.ai_client:OpenAI client initialized
At line:1 char:22
+ ... ONPATH="."; python tmp/test_simple.py > tmp/test_output.txt 2>&1; cat ...
+                 ~~~~~~~~~~~~~~~~~~~~~~~~~~~~~~~~~~~~~~~~~~~~~~~~~~~~
    + CategoryInfo          : NotSpecified: (INFO:app.core.a...ent initialized:String) [], RemoteException
    + FullyQualifiedErrorId : NativeCommandError
 
INFO:app.core.ai_client:Anthropic client initialized
INFO:app.core.ai_client:Gemini client (google-genai) initialized
INFO:app.core.ai_client:DeepSeek client initialized
ERROR:app.services.mvp_builder_service:Persistence Failed: [WinError 10054] An existing connection was forcibly closed 
by the remote host
INFO:httpx:HTTP Request: POST https://gdpaugdddompzigbptho.supabase.co/rest/v1/build_plans "HTTP/2 400 Bad Request"
ERROR:app.services.mvp_builder_service:Persistence Failed: {'message': "Could not find the 'run_id' column of 
'build_plans' in the schema cache", 'code': 'PGRST204', 'hint': None, 'details': None}
INFO:httpx:HTTP Request: POST https://gdpaugdddompzigbptho.supabase.co/rest/v1/build_plans "HTTP/2 400 Bad Request"
ERROR:app.services.mvp_builder_service:Persistence Failed: {'message': "Could not find the 'run_id' column of 
'build_plans' in the schema cache", 'code': 'PGRST204', 'hint': None, 'details': None}
INFO:httpx:HTTP Request: POST https://gdpaugdddompzigbptho.supabase.co/rest/v1/build_plans "HTTP/2 400 Bad Request"
ERROR:app.services.mvp_builder_service:Persistence Failed: {'message': "Could not find the 'run_id' column of 
'build_plans' in the schema cache", 'code': 'PGRST204', 'hint': None, 'details': None}
INFO:httpx:HTTP Request: POST https://gdpaugdddompzigbptho.supabase.co/rest/v1/build_plans "HTTP/2 400 Bad Request"
ERROR:app.services.mvp_builder_service:Persistence Failed: {'message': "Could not find the 'run_id' column of 
'build_plans' in the schema cache", 'code': 'PGRST204', 'hint': None, 'details': None}
INFO:httpx:HTTP Request: POST https://gdpaugdddompzigbptho.supabase.co/rest/v1/build_plans "HTTP/2 400 Bad Request"
ERROR:app.services.mvp_builder_service:Persistence Failed: {'message': "Could not find the 'run_id' column of 
'build_plans' in the schema cache", 'code': 'PGRST204', 'hint': None, 'details': None}
INFO:httpx:HTTP Request: POST https://gdpaugdddompzigbptho.supabase.co/rest/v1/build_plans "HTTP/2 400 Bad Request"
ERROR:app.services.mvp_builder_service:Persistence Failed: {'message': "Could not find the 'run_id' column of 
'build_plans' in the schema cache", 'code': 'PGRST204', 'hint': None, 'details': None}
INFO:app.services.mvp_builder_service:BASE44_INPUT: A simple Hello World landing page with a blue header and a 
centered 'Start Building' button.
INFO:app.core.ai_client:AI Client: Attempting chat completion. Providers to try: ['gemini', 'deepseek', 'openai', 
'anthropic']
INFO:google_genai.models:AFC is enabled with max remote calls: 10.
ERROR:app.core.ai_client:Gemini call failed: Server disconnected without sending a response.
ERROR:app.core.ai_client:Provider gemini failed specifically: Server disconnected without sending a response.
INFO:openai._base_client:Retrying request to /chat/completions in 0.446916 seconds
INFO:openai._base_client:Retrying request to /chat/completions in 0.996828 seconds
ERROR:app.core.ai_client:Provider deepseek failed specifically: Connection error.
INFO:openai._base_client:Retrying request to /chat/completions in 0.450913 seconds
INFO:openai._base_client:Retrying request to /chat/completions in 0.850860 seconds
ERROR:app.core.ai_client:Provider openai failed specifically: Request timed out.
INFO:httpx:HTTP Request: POST https://api.anthropic.com/v1/messages "HTTP/1.1 401 Unauthorized"
ERROR:app.core.ai_client:Provider anthropic failed specifically: Error code: 401 - {'type': 'error', 'error': {'type': 
'authentication_error', 'message': 'invalid x-api-key'}, 'request_id': 'req_011CZCN2aHYgo98Bb2LngbGT'}
ERROR:app.core.ai_client:All AI providers failed. Last exception: Error code: 401 - {'type': 'error', 'error': 
{'type': 'authentication_error', 'message': 'invalid x-api-key'}, 'request_id': 'req_011CZCN2aHYgo98Bb2LngbGT'}
ERROR:app.agents.base44_agent:Base44Agent error: All AI providers failed. Last exception: Error code: 401 - {'type': 
'error', 'error': {'type': 'authentication_error', 'message': 'invalid x-api-key'}, 'request_id': 
'req_011CZCN2aHYgo98Bb2LngbGT'}
ERROR:app.services.mvp_builder_service:Execute Error: All AI providers failed. Last exception: Error code: 401 - 
{'type': 'error', 'error': {'type': 'authentication_error', 'message': 'invalid x-api-key'}, 'request_id': 
'req_011CZCN2aHYgo98Bb2LngbGT'}
ERROR:app.services.mvp_builder_service:Persistence Failed: [WinError 10054] An existing connection was forcibly closed 
by the remote host
ERROR:app.services.mvp_builder_service:Persistence Failed: [WinError 10054] An existing connection was forcibly closed 
by the remote host
ERROR:app.services.mvp_builder_service:Persistence Failed: [WinError 10065] A socket operation was attempted to an 
unreachable host
INFO:app.core.ai_client:AI Client: Attempting chat completion. Providers to try: ['gemini', 'deepseek', 'openai', 
'anthropic']
INFO:google_genai.models:AFC is enabled with max remote calls: 10.
ERROR:app.core.ai_client:Gemini call failed: [Errno 11001] getaddrinfo failed
ERROR:app.core.ai_client:Provider gemini failed specifically: [Errno 11001] getaddrinfo failed
INFO:openai._base_client:Retrying request to /chat/completions in 0.380190 seconds
INFO:openai._base_client:Retrying request to /chat/completions in 0.971676 seconds
ERROR:app.core.ai_client:Provider deepseek failed specifically: Connection error.
INFO:openai._base_client:Retrying request to /chat/completions in 0.401305 seconds
INFO:openai._base_client:Retrying request to /chat/completions in 0.926070 seconds
ERROR:app.core.ai_client:Provider openai failed specifically: Connection error.
INFO:anthropic._base_client:Retrying request to /v1/messages in 0.424008 seconds
INFO:anthropic._base_client:Retrying request to /v1/messages in 0.900406 seconds
ERROR:app.core.ai_client:Provider anthropic failed specifically: Connection error.
ERROR:app.core.ai_client:All AI providers failed. Last exception: Connection error.
ERROR:app.agents.mvp_agents:DebugAgent error: All AI providers failed. Last exception: Connection error.
ERROR:app.services.mvp_builder_service:Persistence Failed: [Errno 11001] getaddrinfo failed
ERROR:app.services.mvp_builder_service:Persistence Failed: [Errno 11001] getaddrinfo failed
Starting simple test for session: test-simple-session
Final State: BuilderState.STABLE
Files Generated: 0
