
> frontend@0.1.0 build
> next build

node.exe : ΓÜá Warning: 
Next.js inferred your 
workspace root, but it may 
not be correct.
At line:1 char:1
+ & "C:\Program 
Files\nodejs/node.exe" 
"C:\Program 
Files\nodejs/node_mo ...
+ ~~~~~~~~~~~~~~~~~~~~~~~~~~
~~~~~~~~~~~~~~~~~~~~~~~~~~~~
~~~~~~~~~~~~~~~
    + CategoryInfo          
    : NotSpecified: (ΓÜá W  
  arning: Ne...not be cor   
 rect.:String) [], Remot    
eException
    + FullyQualifiedErrorId 
    : NativeCommandError
 
 We detected multiple 
lockfiles and selected the 
directory of 
C:\Users\ANNHENMICH TECHNOLO
G\Desktop\Smartbuilder\packa
ge-lock.json as the root 
directory.
 To silence this warning, 
set `turbopack.root` in 
your Next.js config, or 
consider removing one of 
the lockfiles if it's not 
needed.
   See https://nextjs.org/do
cs/app/api-reference/config/
next-config-js/turbopack#roo
t-directory for more 
information.
 Detected additional 
lockfiles: 
   * C:\Users\ANNHENMICH TEC
HNOLOG\Desktop\Smartbuilder\
frontend\package-lock.json

Γû▓ Next.js 16.1.1 (Turbopack)
- Environments: .env.local

ΓÜá The "middleware" file 
convention is deprecated. 
Please use "proxy" instead. 
Learn more: https://nextjs.o
rg/docs/messages/middleware-
to-proxy
  Creating an optimized production build ...
Γ£ô Compiled successfully in 31.8s
  Running TypeScript ...
Failed to compile.

.next/dev/types/routes.d.ts:
59:2
Type error: Expression 
expected.

[0m [90m 57 |[39m   }
 [90m 58 |[39m }
[31m[1m>[22m[39m[90m 
59 |[39m  [33m*[39m   
[36mreturn[39m [33m<[39m
[33mdiv[39m[33m>[39m[33
mBlog[39m post[33m:[39m {
slug}[33m<[39m[33m/[39m
[33mdiv[39m[33m>[39m
 [90m    |[39m  
[31m[1m^[22m[39m
 [90m 60 |[39m    
[33m*[39m }
 [90m 61 |[39m    
[33m*[39m 
[32m``[39m[32m`[39m
 [90m 62 |[39m [32m   
*/[39m[0m
Next.js build worker exited 
with code: 1 and signal: 
null
