src/app/builder/page.tsx(243,63): error TS2339: Property 'blockers' does not exist on type 'PRDReadinessStatus'.
src/app/builder/page.tsx(243,96): error TS2339: Property 'blockers' does not exist on type 'PRDReadinessStatus'.
src/app/builder/page.tsx(245,71): error TS2339: Property 'blockers' does not exist on type 'PRDReadinessStatus'.
src/app/settings/page.tsx(220,26): error TS7006: Parameter 'val' implicitly has an 'any' type.
src/app/settings/page.tsx(227,26): error TS7006: Parameter 'val' implicitly has an 'any' type.
src/app/settings/page.tsx(234,26): error TS7006: Parameter 'val' implicitly has an 'any' type.
src/app/settings/page.tsx(244,26): error TS7006: Parameter 'val' implicitly has an 'any' type.
src/app/settings/page.tsx(251,26): error TS7006: Parameter 'val' implicitly has an 'any' type.
src/app/settings/page.tsx(257,26): error TS7006: Parameter 'val' implicitly has an 'any' type.
src/app/settings/page.tsx(263,26): error TS7006: Parameter 'val' implicitly has an 'any' type.
src/app/settings/page.tsx(272,30): error TS7006: Parameter 'val' implicitly has an 'any' type.
src/app/settings/page.tsx(278,30): error TS7006: Parameter 'val' implicitly has an 'any' type.
src/app/settings/page.tsx(284,30): error TS7006: Parameter 'val' implicitly has an 'any' type.
src/app/settings/page.tsx(297,26): error TS7006: Parameter 'val' implicitly has an 'any' type.
src/app/settings/page.tsx(304,26): error TS7006: Parameter 'val' implicitly has an 'any' type.
src/app/settings/page.tsx(335,26): error TS7006: Parameter 'val' implicitly has an 'any' type.
src/app/settings/page.tsx(349,32): error TS7006: Parameter 'val' implicitly has an 'any' type.
src/app/settings/page.tsx(355,32): error TS7006: Parameter 'val' implicitly has an 'any' type.
src/app/settings/page.tsx(361,32): error TS7006: Parameter 'val' implicitly has an 'any' type.
src/app/settings/page.tsx(374,26): error TS7006: Parameter 'val' implicitly has an 'any' type.
src/app/settings/page.tsx(381,28): error TS7006: Parameter 'val' implicitly has an 'any' type.
src/app/settings/page.tsx(387,28): error TS7006: Parameter 'val' implicitly has an 'any' type.
src/app/settings/page.tsx(394,26): error TS7006: Parameter 'val' implicitly has an 'any' type.
src/app/settings/page.tsx(404,26): error TS7006: Parameter 'val' implicitly has an 'any' type.
src/app/settings/page.tsx(410,26): error TS7006: Parameter 'val' implicitly has an 'any' type.
src/app/settings/page.tsx(416,26): error TS7006: Parameter 'val' implicitly has an 'any' type.
src/app/settings/page.tsx(426,26): error TS7006: Parameter 'val' implicitly has an 'any' type.
src/app/settings/page.tsx(433,26): error TS7006: Parameter 'val' implicitly has an 'any' type.
src/app/settings/page.tsx(443,30): error TS7006: Parameter 'val' implicitly has an 'any' type.
src/app/settings/page.tsx(449,30): error TS7006: Parameter 'val' implicitly has an 'any' type.
src/app/settings/page.tsx(487,26): error TS7006: Parameter 'val' implicitly has an 'any' type.
src/app/settings/page.tsx(493,26): error TS7006: Parameter 'val' implicitly has an 'any' type.
src/components/builder/ExplicitNonGoals.tsx(26,19): error TS2339: Property 'enforcement_rule' does not exist on type 'ExplicitNonGoals'.
src/components/builder/ExplicitNonGoals.tsx(34,35): error TS2339: Property 'enforcement_rule' does not exist on type 'ExplicitNonGoals'.
src/components/builder/ExplicitNonGoals.tsx(42,23): error TS2339: Property 'excluded_features' does not exist on type 'ExplicitNonGoals'.
src/components/builder/ExplicitNonGoals.tsx(42,46): error TS7006: Parameter 'excluded' implicitly has an 'any' type.
src/components/builder/ExplicitNonGoals.tsx(42,56): error TS7006: Parameter 'index' implicitly has an 'any' type.
src/components/builder/InvestmentVerdict.tsx(160,31): error TS2339: Property 'next_action' does not exist on type 'InvestmentVerdict'.
src/components/builder/MVPFeatureSet.tsx(43,23): error TS2339: Property 'feature_limit_enforced' does not exist on type 'MVPFeatureSet'.
src/components/builder/MVPFeatureSet.tsx(47,60): error TS2551: Property 'max_features' does not exist on type 'MVPFeatureSet'. Did you mean 'features'?
src/components/builder/MVPFeatureSet.tsx(57,38): error TS2339: Property 'feature_id' does not exist on type 'ExecutableFeature'.
src/components/builder/MVPFeatureSet.tsx(70,96): error TS2339: Property 'feature_id' does not exist on type 'ExecutableFeature'.
src/components/builder/MVPFeatureSet.tsx(87,89): error TS2345: Argument of type 'number' is not assignable to parameter of type '"Low" | "Medium" | "High"'.
src/components/builder/MVPFeatureSet.tsx(95,46): error TS2339: Property 'links_to_use_case' does not exist on type 'ExecutableFeature'.
src/components/builder/MVPFeatureSet.tsx(102,46): error TS2339: Property 'links_to_revenue' does not exist on type 'ExecutableFeature'.
src/components/builder/ProductObjective.tsx(28,23): error TS2551: Property 'immutable' does not exist on type 'ProductObjective'. Did you mean 'is_immutable'?
src/components/builder/ProductObjective.tsx(39,27): error TS2339: Property 'statement' does not exist on type 'ProductObjective'.
src/components/builder/ProductObjective.tsx(43,23): error TS2339: Property 'ripple_effect_warning' does not exist on type 'ProductObjective'.
src/components/builder/ProductObjective.tsx(51,39): error TS2339: Property 'ripple_effect_warning' does not exist on type 'ProductObjective'.
src/components/deploy/SettingsTab.tsx(98,46): error TS2339: Property 'root_directory' does not exist on type 'Project'.
src/components/deploy/SettingsTab.tsx(107,67): error TS2339: Property 'root_directory' does not exist on type 'Project'.
src/components/deploy/TeamTab.tsx(22,70): error TS2345: Argument of type '"viewer"' is not assignable to parameter of type '"Owner" | "Admin" | "Engineer" | "Viewer" | (() => "Owner" | "Admin" | "Engineer" | "Viewer")'.
src/components/deploy/TeamTab.tsx(99,42): error TS18047: 'member.name' is possibly 'null'.
src/components/deploy/TeamTab.tsx(119,51): error TS2367: This comparison appears to be unintentional because the types '"Owner" | "Admin" | "Engineer" | "Viewer"' and '"owner"' have no overlap.
src/components/deploy/TeamTab.tsx(120,88): error TS2367: This comparison appears to be unintentional because the types '"Owner" | "Admin" | "Engineer" | "Viewer"' and '"owner"' have no overlap.
src/components/deploy/TeamTab.tsx(139,43): error TS2339: Property 'id' does not exist on type 'ActivityLogEntry'.
src/components/deploy/TeamTab.tsx(148,80): error TS2339: Property 'user_name' does not exist on type 'ActivityLogEntry'.
src/components/deploy/TeamTab.tsx(151,54): error TS2339: Property 'target' does not exist on type 'ActivityLogEntry'.
src/components/deploy/TeamTab.tsx(155,130): error TS2339: Property 'environment' does not exist on type 'ActivityLogEntry'.
src/components/monitor/IncidentTimeline.tsx(5,24): error TS2307: Cannot find module '@/components/ui/dialog' or its corresponding type declarations.
src/utils/researchParser.ts(59,9): error TS2322: Type '{ source_name: string; data_type: string; freshness: string; reliability: string; }[]' is not assignable to type 'DataSource[]'.
  Type '{ source_name: string; data_type: string; freshness: string; reliability: string; }' is not assignable to type 'DataSource'.
    Types of property 'reliability' are incompatible.
      Type 'string' is not assignable to type '"Low" | "Medium" | "High"'.
